src/app/dashboard/admin/page.tsx(81,101): error TS18047: 'user' is possibly 'null'.
src/app/dashboard/aura/page.tsx(118,41): error TS18046: 'chapterData' is of type 'unknown'.
src/app/dashboard/aura/page.tsx(130,35): error TS18046: 'chapterData' is of type 'unknown'.
src/app/dashboard/aura/page.tsx(143,49): error TS18046: 'chapterData' is of type 'unknown'.
src/app/dashboard/aura/page.tsx(143,71): error TS18046: 'chapterData' is of type 'unknown'.
src/app/dashboard/aura/page.tsx(144,67): error TS18046: 'chapterData' is of type 'unknown'.
src/app/dashboard/aura/page.tsx(147,57): error TS18046: 'chapterData' is of type 'unknown'.
src/app/dashboard/quizzes/page.tsx(24,80): error TS2339: Property 'uid' does not exist on type 'AppUser'.
src/app/dashboard/stats/[quizId]/page.tsx(38,11): error TS18047: 'user' is possibly 'null'.
src/app/quiz/[id]/page.tsx(90,40): error TS18047: 'user' is possibly 'null'.
src/app/quiz/[id]/page.tsx(90,65): error TS18047: 'user' is possibly 'null'.
src/app/quiz/[id]/page.tsx(96,47): error TS18047: 'user' is possibly 'null'.
src/app/quiz/[id]/page.tsx(121,42): error TS18047: 'user' is possibly 'null'.
src/app/results/[studentId]/page.tsx(107,98): error TS2339: Property 'toFixed' does not exist on type 'ValueType'.
  Property 'toFixed' does not exist on type 'string'.
src/components/ui/calendar.tsx(57,9): error TS2353: Object literal may only specify known properties, and 'IconLeft' does not exist in type 'Partial<CustomComponents>'.
src/components/ui/calendar.tsx(57,22): error TS7031: Binding element 'className' implicitly has an 'any' type.
src/components/ui/calendar.tsx(60,23): error TS7031: Binding element 'className' implicitly has an 'any' type.
